2026-09-16 11:10:11,426 - Port 5 is CLOSED
2026-09-16 11:10:11,426 - Port 6 is CLOSED
2026-09-16 11:10:11,427 - Port 4 is CLOSED
2026-09-16 11:10:11,427 - Port 3 is CLOSED
2026-09-16 11:10:11,427 - Port 1 is CLOSED
2026-09-16 11:10:11,427 - Port 2 is CLOSED
2026-09-16 11:10:11,442 - Port 12 is CLOSED
2026-09-16 11:10:11,442 - Port 13 is CLOSED
2026-09-16 11:10:11,442 - Port 11 is CLOSED
2026-09-16 11:10:11,443 - Port 10 is CLOSED
2026-09-16 11:10:11,443 - Port 9 is CLOSED
2026-09-16 11:10:11,443 - Port 8 is CLOSED
2026-09-16 11:10:11,443 - Port 14 is CLOSED
2026-09-16 11:10:11,443 - Port 17 is CLOSED
2026-09-16 11:10:11,443 - Port 18 is CLOSED
2026-09-16 11:10:11,443 - Port 15 is CLOSED
2026-09-16 11:10:11,443 - Port 16 is CLOSED
2026-09-16 11:10:11,443 - Port 19 is CLOSED
2026-09-16 11:10:11,443 - Port 20 is CLOSED
2026-09-16 11:10:11,443 - Port 7 is CLOSED
2026-09-16 11:10:11,443 - Port 21 is CLOSED
2026-09-16 11:10:11,443 - Port 22 is CLOSED
2026-09-16 11:10:11,443 - Port 23 is CLOSED
2026-09-16 11:10:11,443 - Port 24 is CLOSED
2026-09-16 11:10:11,443 - Port 26 is CLOSED
2026-09-16 11:10:11,443 - Port 25 is CLOSED
2026-09-16 11:10:11,443 - Port 27 is CLOSED
2026-09-16 11:10:11,443 - Port 29 is CLOSED
2026-09-16 11:10:11,444 - Port 28 is CLOSED
2026-09-16 11:10:11,444 - Port 30 is CLOSED
2026-09-16 11:10:11,444 - Port 32 is CLOSED
2026-09-16 11:10:11,444 - Port 31 is CLOSED
2026-09-16 11:10:11,444 - Port 34 is CLOSED
2026-09-16 11:10:11,444 - Port 33 is CLOSED
2026-09-16 11:10:11,444 - Port 36 is CLOSED
2026-09-16 11:10:11,444 - Port 35 is CLOSED
2026-09-16 11:10:11,444 - Port 37 is CLOSED
2026-09-16 11:10:11,444 - Port 38 is CLOSED
2026-09-16 11:10:11,458 - Port 41 is CLOSED
2026-09-16 11:10:11,458 - Port 42 is CLOSED
2026-09-16 11:10:11,458 - Port 75 is CLOSED
2026-09-16 11:10:11,459 - Port 46 is CLOSED
2026-09-16 11:10:11,459 - Port 45 is CLOSED
2026-09-16 11:10:11,459 - Port 44 is CLOSED
2026-09-16 11:10:11,459 - Port 43 is CLOSED
2026-09-16 11:10:11,459 - Port 49 is CLOSED
2026-09-16 11:10:11,459 - Port 48 is CLOSED
2026-09-16 11:10:11,459 - Port 53 is CLOSED
2026-09-16 11:10:11,459 - Port 40 is CLOSED
2026-09-16 11:10:11,459 - Port 54 is CLOSED
2026-09-16 11:10:11,459 - Port 52 is CLOSED
2026-09-16 11:10:11,459 - Port 57 is CLOSED
2026-09-16 11:10:11,460 - Port 47 is CLOSED
2026-09-16 11:10:11,460 - Port 51 is CLOSED
2026-09-16 11:10:11,460 - Port 50 is CLOSED
2026-09-16 11:10:11,460 - Port 58 is CLOSED
2026-09-16 11:10:11,460 - Port 60 is CLOSED
2026-09-16 11:10:11,460 - Port 59 is CLOSED
2026-09-16 11:10:11,460 - Port 61 is CLOSED
2026-09-16 11:10:11,460 - Port 62 is CLOSED
2026-09-16 11:10:11,460 - Port 67 is CLOSED
2026-09-16 11:10:11,460 - Port 65 is CLOSED
2026-09-16 11:10:11,460 - Port 64 is CLOSED
2026-09-16 11:10:11,460 - Port 63 is CLOSED
2026-09-16 11:10:11,460 - Port 66 is CLOSED
2026-09-16 11:10:11,460 - Port 68 is CLOSED
2026-09-16 11:10:11,460 - Port 70 is CLOSED
2026-09-16 11:10:11,460 - Port 69 is CLOSED
2026-09-16 11:10:11,460 - Port 73 is CLOSED
2026-09-16 11:10:11,460 - Port 71 is CLOSED
2026-09-16 11:10:11,460 - Port 72 is CLOSED
2026-09-16 11:10:11,460 - Port 78 is CLOSED
2026-09-16 11:10:11,460 - Port 76 is CLOSED
2026-09-16 11:10:11,460 - Port 79 is CLOSED
2026-09-16 11:10:11,460 - Port 77 is CLOSED
2026-09-16 11:10:11,460 - Port 80 is CLOSED
2026-09-16 11:10:11,460 - Port 74 is CLOSED
2026-09-16 11:10:11,461 - Port 82 is CLOSED
2026-09-16 11:10:11,461 - Port 55 is CLOSED
2026-09-16 11:10:11,461 - Port 81 is CLOSED
2026-09-16 11:10:11,461 - Port 39 is CLOSED
2026-09-16 11:10:11,461 - Port 83 is CLOSED
2026-09-16 11:10:11,461 - Port 85 is CLOSED
2026-09-16 11:10:11,461 - Port 88 is CLOSED
2026-09-16 11:10:11,461 - Port 86 is CLOSED
2026-09-16 11:10:11,461 - Port 89 is CLOSED
2026-09-16 11:10:11,461 - Port 87 is CLOSED
2026-09-16 11:10:11,461 - Port 90 is CLOSED
2026-09-16 11:10:11,461 - Port 84 is CLOSED
2026-09-16 11:10:11,461 - Port 93 is CLOSED
2026-09-16 11:10:11,461 - Port 95 is CLOSED
2026-09-16 11:10:11,461 - Port 96 is CLOSED
2026-09-16 11:10:11,461 - Port 92 is CLOSED
2026-09-16 11:10:11,461 - Port 97 is CLOSED
2026-09-16 11:10:11,461 - Port 94 is CLOSED
2026-09-16 11:10:11,461 - Port 100 is CLOSED
2026-09-16 11:10:11,462 - Port 56 is CLOSED
2026-09-16 11:10:11,462 - Port 98 is CLOSED
2026-09-16 11:10:11,462 - Port 99 is CLOSED
2026-09-16 11:10:11,462 - Port 91 is CLOSED
2026-09-16 11:10:11,482 - Scan completed.
2026-09-16 11:14:21,801 - Scan completed.
2026-09-16 11:15:02,846 - Port 135 is OPEN
2026-09-16 11:15:02,876 - Port 445 is OPEN
2026-09-16 11:15:03,397 - Scan completed.
2026-09-16 11:17:06,043 - Port 135 is OPEN - Microsoft RPC
2026-09-16 11:17:06,080 - Port 445 is OPEN - Microsoft SMB
2026-09-16 11:17:06,595 - Scan completed.
2026-09-16 11:18:57,095 - Port 135 OPEN - Microsoft RPC
2026-09-16 11:18:57,134 - Port 445 OPEN - Microsoft SMB
2026-09-16 11:18:57,664 - Scan completed.
2026-09-16 11:20:25,857 - Port 135 OPEN - Microsoft RPC
2026-09-16 11:20:25,937 - Port 445 OPEN - Microsoft SMB
2026-09-16 11:20:26,441 - Scan completed.
2026-09-16 11:28:41,383 - Starting scan of 127.0.0.1 ports 1-500
2026-09-16 11:28:41,419 - Port 135 OPEN - Microsoft RPC
2026-09-16 11:28:41,466 - Port 445 OPEN - Microsoft SMB
2026-09-16 11:28:41,990 - Scan completed.
2026-09-16 11:28:41,990 - Scan completed.
2026-09-16 11:28:41,990 - Scan completed.
2026-09-16 11:28:41,990 - Scan completed.
2026-09-16 11:28:41,990 - Scan completed.
2026-09-16 11:28:41,990 - Scan completed.
2026-09-16 11:28:41,990 - Scan completed.
2026-09-16 11:28:41,990 - Scan completed.
2026-09-16 11:28:41,990 - Scan completed.
2026-09-16 11:28:41,991 - Scan completed.
2026-09-16 11:28:41,991 - Scan completed.
2026-09-16 11:28:41,991 - Scan completed.
2026-09-16 11:28:41,991 - Scan completed.
2026-09-16 11:28:41,991 - Scan completed.
2026-09-16 11:28:41,991 - Scan completed.
2026-09-16 11:28:41,992 - Scan completed.
2026-09-16 11:28:41,992 - Scan completed.
2026-09-16 11:28:41,992 - Scan completed.
2026-09-16 11:28:41,992 - Scan completed.
2026-09-16 11:28:41,992 - Scan completed.
2026-09-16 11:28:41,992 - Scan completed.
2026-09-16 11:28:41,993 - Scan completed.
2026-09-16 11:28:41,993 - Scan completed.
2026-09-16 11:28:41,993 - Scan completed.
2026-09-16 11:28:41,993 - Scan completed.
2026-09-16 11:28:41,993 - Scan completed.
2026-09-16 11:28:41,993 - Scan completed.
2026-09-16 11:28:41,994 - Scan completed.
2026-09-16 11:28:41,994 - Scan completed.
2026-09-16 11:28:41,994 - Scan completed.
2026-09-16 11:28:41,994 - Scan completed.
2026-09-16 11:28:41,994 - Scan completed.
2026-09-16 11:28:41,994 - Scan completed.
2026-09-16 11:28:41,995 - Scan completed.
2026-09-16 11:28:41,995 - Scan completed.
2026-09-16 11:28:41,995 - Scan completed.
2026-09-16 11:28:41,995 - Scan completed.
2026-09-16 11:28:41,995 - Scan completed.
2026-09-16 11:28:41,995 - Scan completed.
2026-09-16 11:28:41,996 - Scan completed.
2026-09-16 11:28:41,996 - Scan completed.
2026-09-16 11:28:41,996 - Scan completed.
2026-09-16 11:28:41,996 - Scan completed.
2026-09-16 11:28:41,996 - Scan completed.
2026-09-16 11:28:41,996 - Scan completed.
2026-09-16 11:28:41,997 - Scan completed.
2026-09-16 11:28:41,997 - Scan completed.
2026-09-16 11:28:41,997 - Scan completed.
2026-09-16 11:28:41,997 - Scan completed.
2026-09-16 11:28:41,997 - Scan completed.
2026-09-16 11:28:41,997 - Scan completed.
2026-09-16 11:33:18,645 - Starting scan: 127.0.0.1 ports 1-500
2026-09-16 11:33:18,689 - Port 135 OPEN - Microsoft RPC
2026-09-16 11:33:18,740 - Port 445 OPEN - Microsoft SMB
2026-09-16 11:33:19,264 - Scan completed. Target=127.0.0.1, Range=1-500, Open Ports=2
2026-09-16 11:35:30,742 - Starting scan: 127.0.0.1 ports 1-500
2026-09-16 11:35:30,803 - Port 135 OPEN - Microsoft RPC
2026-09-16 11:35:30,842 - Port 445 OPEN - Microsoft SMB
2026-09-16 11:35:31,371 - Scan completed. Target=127.0.0.1, Range=1-500, Open Ports=2
2026-09-16 11:42:51,078 - Starting scan of 127.0.0.1 ports 1-500
2026-09-16 11:42:51,116 - Port 135 OPEN - Microsoft RPC
2026-09-16 11:42:51,166 - Port 445 OPEN - Microsoft SMB
2026-09-16 11:42:51,694 - Scan completed successfully.
2026-09-16 11:42:51,701 - Scan completed successfully.
2026-09-16 11:42:51,706 - Scan completed successfully.
2026-09-16 11:42:51,714 - Scan completed successfully.
2026-09-16 11:42:51,719 - Scan completed successfully.
2026-09-16 11:42:51,723 - Scan completed successfully.
2026-09-16 11:42:51,732 - Scan completed successfully.
2026-09-16 11:42:51,736 - Scan completed successfully.
2026-09-16 11:42:51,740 - Scan completed successfully.
2026-09-16 11:42:51,749 - Scan completed successfully.
2026-09-16 11:42:51,753 - Scan completed successfully.
2026-09-16 11:42:51,761 - Scan completed successfully.
2026-09-16 11:42:51,765 - Scan completed successfully.
2026-09-16 11:42:51,769 - Scan completed successfully.
2026-09-16 11:42:51,777 - Scan completed successfully.
2026-09-16 11:42:51,782 - Scan completed successfully.
2026-09-16 11:42:51,786 - Scan completed successfully.
2026-09-16 11:42:51,792 - Scan completed successfully.
2026-09-16 11:42:51,799 - Scan completed successfully.
2026-09-16 11:42:51,803 - Scan completed successfully.
2026-09-16 11:42:51,809 - Scan completed successfully.
2026-09-16 11:42:51,814 - Scan completed successfully.
2026-09-16 11:42:51,818 - Scan completed successfully.
2026-09-16 11:42:51,823 - Scan completed successfully.
2026-09-16 11:42:51,827 - Scan completed successfully.
2026-09-16 11:42:51,832 - Scan completed successfully.
2026-09-16 11:42:51,836 - Scan completed successfully.
2026-09-16 11:42:51,841 - Scan completed successfully.
2026-09-16 11:42:51,846 - Scan completed successfully.
2026-09-16 11:42:51,850 - Scan completed successfully.
2026-09-16 11:42:51,855 - Scan completed successfully.
2026-09-16 11:42:51,860 - Scan completed successfully.
2026-09-16 11:42:51,864 - Scan completed successfully.
2026-09-16 11:42:51,869 - Scan completed successfully.
2026-09-16 11:42:51,874 - Scan completed successfully.
2026-09-16 11:42:51,878 - Scan completed successfully.
2026-09-16 11:42:51,883 - Scan completed successfully.
2026-09-16 11:42:51,888 - Scan completed successfully.
2026-09-16 11:42:51,892 - Scan completed successfully.
2026-09-16 11:42:51,897 - Scan completed successfully.
2026-09-16 11:42:51,902 - Scan completed successfully.
2026-09-16 11:42:51,907 - Scan completed successfully.
2026-09-16 11:42:51,912 - Scan completed successfully.
2026-09-16 11:42:51,917 - Scan completed successfully.
2026-09-16 11:42:51,922 - Scan completed successfully.
2026-09-16 11:42:51,926 - Scan completed successfully.
2026-09-16 11:42:51,931 - Scan completed successfully.
2026-09-16 11:42:51,936 - Scan completed successfully.
2026-09-16 11:42:51,940 - Scan completed successfully.
2026-09-16 11:42:51,945 - Scan completed successfully.
2026-09-16 11:42:51,950 - Scan completed successfully.
2026-09-16 11:42:51,955 - Scan completed successfully.
2026-09-16 11:42:51,959 - Scan completed successfully.
2026-09-16 11:42:51,964 - Scan completed successfully.
2026-09-16 11:42:51,970 - Scan completed successfully.
2026-09-16 11:42:51,975 - Scan completed successfully.
2026-09-16 11:42:51,979 - Scan completed successfully.
2026-09-16 11:42:51,987 - Scan completed successfully.
2026-09-16 11:42:51,999 - Scan completed successfully.
2026-09-16 11:42:52,003 - Scan completed successfully.
2026-09-16 11:42:52,008 - Scan completed successfully.
2026-09-16 11:42:52,013 - Scan completed successfully.
2026-09-16 11:42:52,019 - Scan completed successfully.
2026-09-16 11:42:52,023 - Scan completed successfully.
2026-09-16 11:42:52,028 - Scan completed successfully.
2026-09-16 11:42:52,033 - Scan completed successfully.
2026-09-16 11:42:52,038 - Scan completed successfully.
2026-09-16 11:42:52,043 - Scan completed successfully.
2026-09-16 11:42:52,049 - Scan completed successfully.
2026-09-16 11:42:52,054 - Scan completed successfully.
2026-09-16 11:42:52,059 - Scan completed successfully.
2026-09-16 11:42:52,064 - Scan completed successfully.
2026-09-16 11:42:52,069 - Scan completed successfully.
2026-09-16 11:42:52,074 - Scan completed successfully.
2026-09-16 11:42:52,080 - Scan completed successfully.
2026-09-16 11:42:52,085 - Scan completed successfully.
2026-09-16 11:42:52,090 - Scan completed successfully.
2026-09-16 11:42:52,096 - Scan completed successfully.
2026-09-16 11:42:52,101 - Scan completed successfully.
2026-09-16 11:42:52,106 - Scan completed successfully.
2026-09-16 11:42:52,111 - Scan completed successfully.
2026-09-16 11:42:52,115 - Scan completed successfully.
2026-09-16 11:42:52,121 - Scan completed successfully.
2026-09-16 11:42:52,130 - Scan completed successfully.
2026-09-16 11:42:52,136 - Scan completed successfully.
2026-09-16 11:42:52,141 - Scan completed successfully.
2026-09-16 11:42:52,146 - Scan completed successfully.
2026-09-16 11:42:52,150 - Scan completed successfully.
2026-09-16 11:42:52,155 - Scan completed successfully.
2026-09-16 11:42:52,160 - Scan completed successfully.
2026-09-16 11:42:52,164 - Scan completed successfully.
2026-09-16 11:42:52,169 - Scan completed successfully.
2026-09-16 11:42:52,174 - Scan completed successfully.
2026-09-16 11:42:52,179 - Scan completed successfully.
2026-09-16 11:42:52,183 - Scan completed successfully.
2026-09-16 11:42:52,188 - Scan completed successfully.
2026-09-16 11:42:52,193 - Scan completed successfully.
2026-09-16 11:42:52,198 - Scan completed successfully.
2026-09-16 11:42:52,202 - Scan completed successfully.
2026-09-16 11:42:52,207 - Scan completed successfully.
2026-09-16 11:45:11,829 - Report exported to C:/Users/HP/Desktop/CyberSecurity/scan_report.2_txt..txt
